// Jest Snapshot v1, https://goo.gl/fbAQLP

exports[`BaksystemFeilmeldingContent 1`] = `
<div>
  <Undertittel>
    <FormattedMessage
      id="feilmelding.baksystem.overskrift"
      values={Object {}}
    />
  </Undertittel>
  <FormattedMessage
    id="feilmelding.baksystem"
    values={Object {}}
  />
</div>
`;
