// Jest Snapshot v1, https://goo.gl/fbAQLP

exports[`BaksystemFeilmeldingContent 1`] = `
<div>
  <Undertittel>
    <span
      dangerouslySetInnerHTML={
        Object {
          "__html": "feilmelding.baksystem.overskrift",
        }
      }
    />
  </Undertittel>
  <span
    dangerouslySetInnerHTML={
      Object {
        "__html": "feilmelding.baksystem",
      }
    }
  />
</div>
`;
