// Jest Snapshot v1, https://goo.gl/fbAQLP

exports[`EkspanderbartInnhold 1`] = `
<div
  className="ekspanderbartInnhold"
  style={
    Object {
      "height": "0px",
      "overflow": "hidden",
    }
  }
>
  <div
    className="ReactCollapse--content"
  >
    <div
      aria-live="off"
    >
      <div />
    </div>
  </div>
</div>
`;
