// Jest Snapshot v1, https://goo.gl/fbAQLP

exports[`EkspanderbartInnhold 1`] = `
<div
  aria-hidden={true}
  className="ekspanderbartInnhold"
  style={
    Object {
      "height": "0px",
      "overflow": "hidden",
    }
  }
>
  <div>
    <div
      aria-live="off"
    >
      <div />
    </div>
  </div>
</div>
`;
