// Jest Snapshot v1, https://goo.gl/fbAQLP

exports[`Header 1`] = `
<Provider
  store={
    Object {
      "@@observable": [Function],
      "dispatch": [Function],
      "getState": [Function],
      "replaceReducer": [Function],
      "subscribe": [Function],
    }
  }
>
  <Connect(IntlProvider)
    defaultLocale="nb"
    locale="nb"
  >
    <Connect(Header)
      tittel="TEST"
    />
  </Connect(IntlProvider)>
</Provider>
`;
