// Jest Snapshot v1, https://goo.gl/fbAQLP

exports[`Hjelpetekst 1`] = `
<span
  className="meldekortdetaljer-utfyllt-hjelpetekster"
>
  <span>
    <span
      className="overskrift-hjelpetekst"
    >
      <strong>
        ARBEID 
      </strong>
    </span>
    <span
      dangerouslySetInnerHTML={
        Object {
          "__html": "Du skal registrere alle timene du har hatt lønnet arbeid, også i egen næringsvirksomhet. Dette gjelder alle dager i uken, også lørdag og søndag, uansett når på døgnet du jobber.  <br> <br> Unntaket er dersom du får lønn for flere timer enn du faktisk har jobbet. Da skal du føre opp alle timene du får lønn for. <br> <br> Hvis du har en prosentstilling, må du regne den om til timer. Full stilling er vanligvis 37,5 timer i uken. <br> <br> Kontakt NAV hvis du <ul>  <li> er i tvil om hvor mange timer du skal føre opp </li>  <li> har et yrke som ikke har 37,5 timer per uke som normal arbeidstid </li>  <li> deltar på deltidstiltak eller tiltak med lønn  </li>  </ul> ",
        }
      }
    />
  </span>
  <span>
    <span
      className="overskrift-hjelpetekst"
    >
      <strong>
        FERIE OG ANNET FRAVÆR ENN SYKDOM 
      </strong>
    </span>
    <span
      dangerouslySetInnerHTML={
        Object {
          "__html": "<b><p style=\\"color:#ee5522;\\">  Fravær fra jobb på grunn av karantene føres på samme måte som sykdom (gjelder ikke ved hjemmekontor).  </p></b>  Du skal registrere de dagene du ikke har kunnet ta arbeid eller gjennomføre avtalt aktivitet, og dette skyldes annet enn egen sykdom. <br> <br> Det gjelder f.eks. hvis du har hatt ferie og derfor ikke kunnet gjennomføre avtalt aktivitet. <br> <br> Det gjelder også opphold i utlandet som ikke er godkjent av NAV. Er du statsborger i et EU/EØS-land og oppholder deg i et annet EU/EØS-land, skal oppholdet ikke godkjennes av NAV. <br> <br> Det gjelder også dersom du ikke ønsker å være tilgjengelig for NAV på dager uten planlagt aktivitet. <br> <br> Hvis du likevel ønsker å få arbeidsavklaringspenger for fraværsdagene, må du kontakte NAV før fraværet starter. ",
        }
      }
    />
  </span>
</span>
`;
