// Jest Snapshot v1, https://goo.gl/fbAQLP

exports[`HovedMeny 1`] = `
<nav
  className="mainNav"
>
  <div
    className="mainNav__wrapper"
  >
    <ul>
      <li
        className="hovedMeny-item"
      >
        <a
          aria-labelledby="tab menypunkt"
          className="lenke menypunkt underline active"
          href="#"
          onClick={[Function]}
        >
          Send 
        </a>
      </li>
      <li
        className="hovedMeny-item"
      >
        <a
          aria-labelledby="tab menypunkt"
          className="lenke menypunkt underline"
          href="#"
          onClick={[Function]}
        >
          Tidligere meldekort 
        </a>
      </li>
    </ul>
  </div>
</nav>
`;
