// Jest Snapshot v1, https://goo.gl/fbAQLP

exports[`HovedMeny 1`] = `
<nav
  className="hovedmeny"
>
  <ul
    className="hovedmeny__wrapper"
  >
    <li
      className="hovedmeny__item"
    >
      <a
        aria-labelledby="tab hovedmeny__menypunkt"
        className="lenke hovedmeny__menypunkt active"
        href="#"
        onClick={[Function]}
      >
        Send 
      </a>
    </li>
    <li
      className="hovedmeny__item"
    >
      <a
        aria-labelledby="tab hovedmeny__menypunkt"
        className="lenke hovedmeny__menypunkt"
        href="#"
        onClick={[Function]}
      >
        Tidligere meldekort 
      </a>
    </li>
  </ul>
</nav>
`;
