// Jest Snapshot v1, https://goo.gl/fbAQLP

exports[`ikkeFortsetteRegistrertContent 1`] = `
<div
  className="modal-overskrift"
>
  <ForwardRef
    variant="warning"
  >
    <div
      className="modal-tekst"
    >
      <Normaltekst>
        <span
          dangerouslySetInnerHTML={
            Object {
              "__html": "sporsmal.bekreftelse",
            }
          }
        />
      </Normaltekst>
    </div>
  </ForwardRef>
</div>
`;
