// Jest Snapshot v1, https://goo.gl/fbAQLP

exports[`InfoToggler 1`] = `
<button
  aria-expanded={false}
  className="infoToggler"
  onClick={[Function]}
>
  <span
    className="infoToggler__content"
  >
    <span
      className="infoToggler__label"
    >
      <span>
        Test
      </span>
    </span>
    <span
      className="infoToggler__chevron"
    >
      <svg
        aria-labelledby="title-"
        fill="none"
        focusable={false}
        height="1em"
        role="img"
        style={
          Object {
            "marginBottom": "-0.2rem",
          }
        }
        viewBox="0 0 24 24"
        width="1em"
        xmlns="http://www.w3.org/2000/svg"
      >
        <title
          id="title-"
        >
          a11y-title
        </title>
        <path
          clipRule="evenodd"
          d="M5.97 9.47a.75.75 0 0 1 1.06 0L12 14.44l4.97-4.97a.75.75 0 1 1 1.06 1.06l-5.5 5.5a.75.75 0 0 1-1.06 0l-5.5-5.5a.75.75 0 0 1 0-1.06Z"
          fill="currentColor"
          fillRule="evenodd"
        />
      </svg>
    </span>
  </span>
</button>
`;
