// Jest Snapshot v1, https://goo.gl/fbAQLP

exports[`InfoToggler 1`] = `
<button
  aria-expanded={false}
  className="infoToggler"
  onClick={[Function]}
>
  <span
    className="infoToggler__content"
  >
    <span
      className="infoToggler__label"
    >
      <span>
        Test
      </span>
    </span>
    <span
      className="infoToggler__chevron"
    >
      <span
        className="nav-frontend-chevron chevronboks chevron--ned"
      />
    </span>
  </span>
</button>
`;
