// Jest Snapshot v1, https://goo.gl/fbAQLP

exports[`loggInnContent 1`] = `
<div
  className="modal-overskrift"
>
  <Undertittel>
    <FormattedMessage
      id="melding.loggInn.overskrift"
      values={Object {}}
    />
  </Undertittel>
  <Veilederpanel
    fargetema="advarsel"
    svg={
      <img
        alt=""
        src="veileder.svg"
      />
    }
  >
    <div
      className="modal-tekst"
    >
      <Normaltekst>
        <FormattedMessage
          id="melding.loggInn"
          values={Object {}}
        />
      </Normaltekst>
    </div>
  </Veilederpanel>
</div>
`;
