// Jest Snapshot v1, https://goo.gl/fbAQLP

exports[`Meldekortdetaljer 1`] = `
<Provider
  store={
    Object {
      "clearActions": [Function],
      "dispatch": [Function],
      "getActions": [Function],
      "getState": [Function],
      "replaceReducer": [Function],
      "subscribe": [Function],
    }
  }
>
  <Connect(IntlProvider)
    defaultLocale="nb"
    locale="nb"
  >
    <Connect(Meldekortdetaljer)
      aktivtMeldekort={
        Object {
          "bruttoBelop": 0,
          "korrigerbart": true,
          "kortStatus": "OPPRE",
          "kortType": "ELEKTRONISK",
          "meldegruppe": "DAGP",
          "meldekortId": 1,
          "meldeperiode": Object {
            "fra": 2019-01-01T10:00:00.000Z,
            "kanKortSendes": true,
            "kortKanSendesFra": 2019-01-01T10:00:00.000Z,
            "periodeKode": "201901",
            "til": 2019-01-01T10:00:00.000Z,
          },
          "mottattDato": 2019-01-01T10:00:00.000Z,
        }
      }
      meldekortdetaljer={
        Object {
          "arkivnokkel": "",
          "begrunnelse": "",
          "id": "",
          "kortType": "KORRIGERT_ELEKTRONISK",
          "lestDato": 2019-01-01T10:00:00.000Z,
          "meldeDato": 2019-01-01T10:00:00.000Z,
          "meldekortId": 0,
          "meldeperiode": "",
          "sporsmal": Object {
            "annetFravaer": false,
            "arbeidet": false,
            "arbeidssoker": false,
            "kurs": false,
            "meldekortDager": Array [],
            "signatur": false,
            "syk": false,
          },
        }
      }
      typeYtelse="-AAP"
    />
  </Connect(IntlProvider)>
</Provider>
`;
