// Jest Snapshot v1, https://goo.gl/fbAQLP

exports[`Sprakvelger 1`] = `
<Provider
  store={
    Object {
      "dispatch": [Function],
      "getState": [Function],
      "replaceReducer": [Function],
      "subscribe": [Function],
      Symbol(observable): [Function],
    }
  }
>
  <Connect(IntlProvider)
    defaultLocale="nb"
    locale="nb"
  >
    <Connect(MobilMeny)
      menypunkter={
        Array [
          Object {
            "component": [Function],
            "disabled": false,
            "exact": true,
            "tekstid": "naviger.send",
            "tittel": "sendMeldekort",
            "urlparam": "/send-meldekort",
          },
          Object {
            "component": [Function],
            "disabled": false,
            "tekstid": "sekundarmeny.tidligere",
            "tittel": "tidligereMeldekort",
            "urlparam": "/tidligere-meldekort",
          },
        ]
      }
    />
  </Connect(IntlProvider)>
</Provider>
`;
