// Jest Snapshot v1, https://goo.gl/fbAQLP

exports[`MobilMenyToggle 1`] = `
<nav
  className="mobilmenyToggle"
  onClick={[Function]}
>
  <div
    className="mobilmenyToggle__burgericon open"
  >
    <span
      className="line"
    />
    <span
      className="line"
    />
    <span
      className="line"
    />
    <span
      className="line"
    />
  </div>
</nav>
`;
