// Jest Snapshot v1, https://goo.gl/fbAQLP

exports[`MobilMenyToggle 1`] = `
<nav
  className="mobilmeny-toggle"
  onClick={[Function]}
>
  <div
    className="mobilmeny-toggle__icon open"
  >
    <span
      className="line"
    />
    <span
      className="line"
    />
    <span
      className="line"
    />
    <span
      className="line"
    />
  </div>
</nav>
`;
