// Jest Snapshot v1, https://goo.gl/fbAQLP

exports[`PeriodeBanner 1`] = `
<section
  className="seksjon periodeBanner "
  id="periodebanner"
>
  <p
    className="flex-innhold sentrert navds-body-long navds-body-long--large"
  >
    Meldekort for perioden
  </p>
  <h1
    className="flex-innhold sentrert navds-heading navds-heading--large"
  >
    Uke 1 - 1
  </h1>
  <p
    className="flex-innhold sentrert navds-body-short navds-body-short--medium"
  >
    01.01.2019 - 01.01.2019
  </p>
</section>
`;
