// Jest Snapshot v1, https://goo.gl/fbAQLP

exports[`PeriodeBanner 1`] = `
<section
  className="seksjon periodeBanner "
  id="periodebanner"
>
  <p
    className="typo-ingress flex-innhold sentrert"
  >
    <span>
      Meldekort for perioden
    </span>
  </p>
  <h1
    className="typo-innholdstittel flex-innhold sentrert"
  >
    Uke 1 - 1
  </h1>
  <p
    className="typo-normal flex-innhold sentrert"
  >
    01.01.2019 - 01.01.2019
  </p>
</section>
`;
