// Jest Snapshot v1, https://goo.gl/fbAQLP

exports[`PrintKnapp 1`] = `
<div
  className="navigasjonsknapp"
>
  <button
    className="navds-button navds-button--secondary navds-button--medium"
    onClick={[Function]}
    onKeyUp={[Function]}
    style={
      Object {
        "width": undefined,
      }
    }
  >
    <span
      className="navds-label"
    >
      <img
        alt=""
        className="printLogo"
        src="print.svg"
      />
      Skriv ut
    </span>
  </button>
</div>
`;
