// Jest Snapshot v1, https://goo.gl/fbAQLP

exports[`PrintKnapp 1`] = `
<div
  className="navigasjonsknapp"
>
  <button
    className="navds-button navds-button--tertiary navds-button--medium"
    onClick={[Function]}
    onKeyUp={[Function]}
    style={
      Object {
        "width": undefined,
      }
    }
  >
    <span
      className="navds-label"
    >
      <svg
        className="printLogo"
        fill="none"
        focusable={false}
        height="1em"
        role="img"
        viewBox="0 0 24 24"
        width="1em"
        xmlns="http://www.w3.org/2000/svg"
      >
        <path
          clipRule="evenodd"
          d="M6.25 3A.75.75 0 0 1 7 2.25h10a.75.75 0 0 1 .75.75v2.5a.25.25 0 0 1-.25.25h-11a.25.25 0 0 1-.25-.25V3ZM4 7.25A1.75 1.75 0 0 0 2.25 9v9c0 .414.336.75.75.75h1.5a.25.25 0 0 0 .25-.25V12A2.25 2.25 0 0 1 7 9.75h10A2.25 2.25 0 0 1 19.25 12v6.5c0 .138.112.25.25.25H21a.75.75 0 0 0 .75-.75V9A1.75 1.75 0 0 0 20 7.25H4ZM6.25 12a.75.75 0 0 1 .75-.75h10a.75.75 0 0 1 .75.75v9a.75.75 0 0 1-.75.75H7a.75.75 0 0 1-.75-.75v-9Zm3 3a.75.75 0 0 1 .75-.75h4a.75.75 0 0 1 0 1.5h-4a.75.75 0 0 1-.75-.75Zm.75 2.25a.75.75 0 0 0 0 1.5h2.5a.75.75 0 0 0 0-1.5H10Z"
          fill="currentColor"
          fillRule="evenodd"
        />
      </svg>
      Skriv ut
    </span>
  </button>
</div>
`;
