// Jest Snapshot v1, https://goo.gl/fbAQLP

exports[`UtvidetInformasjon 1`] = `
<Provider
  store={
    Object {
      "@@observable": [Function],
      "dispatch": [Function],
      "getState": [Function],
      "replaceReducer": [Function],
      "subscribe": [Function],
    }
  }
>
  <Connect(IntlProvider)
    defaultLocale="nb"
    locale="nb"
  >
    <UtvidetInformasjon>
      <span>
        Test
      </span>
    </UtvidetInformasjon>
  </Connect(IntlProvider)>
</Provider>
`;
